[preview.colorlib.com/theme/glint/index.html]
[backblue.gif]
[fade.gif]
[index.html]
[preview.colorlib.com/theme/glint/css/base.css]
[preview.colorlib.com/theme/glint/css/vendor.css]
[preview.colorlib.com/theme/glint/css/main.css]
[preview.colorlib.com/theme/glint/js/modernizr.js]
[preview.colorlib.com/theme/glint/js/pace.min.js]
[preview.colorlib.com/theme/glint/favicon.ico]
[preview.colorlib.com/theme/glint/index-2.html]
[preview.colorlib.com/theme/glint/images/logo.png]
[preview.colorlib.com/theme/glint/images/portfolio/gallery/g-shutterbug.jpg]
[preview.colorlib.com/theme/glint/images/portfolio/lady-shutterbug.jpg]
[preview.colorlib.com/theme/glint/images/portfolio/gallery/g-woodcraft.jpg]
[preview.colorlib.com/theme/glint/images/portfolio/woodcraft.jpg]
[preview.colorlib.com/theme/glint/images/portfolio/gallery/g-beetle.jpg]
[preview.colorlib.com/theme/glint/images/portfolio/the-beetle.jpg]
[preview.colorlib.com/theme/glint/images/portfolio/gallery/g-grow-green.jpg]
[preview.colorlib.com/theme/glint/images/portfolio/grow-green.jpg]
[preview.colorlib.com/theme/glint/images/portfolio/gallery/g-guitarist.jpg]
[preview.colorlib.com/theme/glint/images/portfolio/guitarist.jpg]
[preview.colorlib.com/theme/glint/images/portfolio/gallery/g-palmeira.jpg]
[preview.colorlib.com/theme/glint/images/portfolio/palmeira.jpg]
[preview.colorlib.com/theme/glint/images/clients/apple.png]
[preview.colorlib.com/theme/glint/images/clients/atom.png]
[preview.colorlib.com/theme/glint/images/clients/blackberry.png]
[preview.colorlib.com/theme/glint/images/clients/dropbox.png]
[preview.colorlib.com/theme/glint/images/clients/envato.png]
[preview.colorlib.com/theme/glint/images/clients/firefox.png]
[preview.colorlib.com/theme/glint/images/clients/joomla.png]
[preview.colorlib.com/theme/glint/images/clients/magento.png]
[preview.colorlib.com/theme/glint/images/avatars/user-01.jpg]
[preview.colorlib.com/theme/glint/images/avatars/user-05.jpg]
[preview.colorlib.com/theme/glint/images/avatars/user-02.jpg]
[preview.colorlib.com/cdn-cgi/scripts/5c5dd728/cloudflare-static/email-decode.min.js]
[preview.colorlib.com/theme/glint/js/jquery-3.6.1.min.js]
[preview.colorlib.com/theme/glint/js/plugins.js]
[preview.colorlib.com/theme/glint/js/main.js]
[preview.colorlib.com/theme/glint/index.html]
[preview.colorlib.com/theme/glint/css/font-awesome/css/font-awesome.min.css]
[preview.colorlib.com/theme/glint/css/micons/micons.css]
[preview.colorlib.com/theme/glint/css/fonts.css]
[preview.colorlib.com/theme/glint/css/base.css]
[preview.colorlib.com/theme/glint/images/photoswipe/default-skin.png]
[preview.colorlib.com/theme/glint/css/images/photoswipe/default-skin.svg]
[preview.colorlib.com/theme/glint/css/vendor.css]
[preview.colorlib.com/theme/glint/images/left-arrow.png]
[preview.colorlib.com/theme/glint/images/right-arrow.png]
[preview.colorlib.com/theme/glint/images/contact-bg.jpg]
[preview.colorlib.com/theme/glint/images/logo-footer.png]
[preview.colorlib.com/theme/glint/images/email-icon.png]
[preview.colorlib.com/theme/glint/css/main.css]
[preview.colorlib.com/cdn-cgi/zaraz/sd0d9.js]
[preview.colorlib.com/theme/glint/index-2.html]
[preview.colorlib.com/theme/glint/css/font-awesome/fonts/fontawesome-webfont3e6e.eot]
[preview.colorlib.com/theme/glint/css/font-awesome/fonts/fontawesome-webfontd41d.eot]
[preview.colorlib.com/theme/glint/css/font-awesome/fonts/fontawesome-webfont3e6e.woff2]
[preview.colorlib.com/theme/glint/css/font-awesome/fonts/fontawesome-webfont3e6e.woff]
[preview.colorlib.com/theme/glint/css/font-awesome/fonts/fontawesome-webfont3e6e.ttf]
[preview.colorlib.com/theme/glint/css/font-awesome/css/font-awesome.min.css]
[preview.colorlib.com/theme/glint/css/font-awesome/fonts/fontawesome-webfont3e6e.svg]
[preview.colorlib.com/theme/glint/css/micons/fonts/icomoon4286.eot]
[preview.colorlib.com/theme/glint/css/micons/fonts/icomoon4286.ttf]
[preview.colorlib.com/theme/glint/css/micons/fonts/icomoon4286.woff]
[preview.colorlib.com/theme/glint/css/micons/micons.css]
[preview.colorlib.com/theme/glint/fonts/lora/lora-regular-webfont.woff2]
[preview.colorlib.com/theme/glint/css/micons/fonts/icomoon4286.svg]
[preview.colorlib.com/theme/glint/fonts/lora/lora-regular-webfont.woff]
[preview.colorlib.com/theme/glint/fonts/lora/lora-italic-webfont.woff2]
[preview.colorlib.com/theme/glint/fonts/lora/lora-italic-webfont.woff]
[preview.colorlib.com/theme/glint/fonts/lora/lora-bold-webfont.woff2]
[preview.colorlib.com/theme/glint/fonts/lora/lora-bold-webfont.woff]
[preview.colorlib.com/theme/glint/fonts/lora/lora-bolditalic-webfont.woff2]
[preview.colorlib.com/theme/glint/fonts/lora/lora-bolditalic-webfont.woff]
[preview.colorlib.com/theme/glint/fonts/montserrat/montserrat-black-webfont.woff2]
[preview.colorlib.com/theme/glint/fonts/montserrat/montserrat-black-webfont.woff]
[preview.colorlib.com/theme/glint/fonts/montserrat/montserrat-extrabold-webfont.woff2]
[preview.colorlib.com/theme/glint/fonts/montserrat/montserrat-extrabold-webfont.woff]
[preview.colorlib.com/theme/glint/fonts/montserrat/montserrat-bold-webfont.woff2]
[preview.colorlib.com/theme/glint/fonts/montserrat/montserrat-bold-webfont.woff]
[preview.colorlib.com/theme/glint/fonts/montserrat/montserrat-semibold-webfont.woff2]
[preview.colorlib.com/theme/glint/fonts/montserrat/montserrat-semibold-webfont.woff]
[preview.colorlib.com/theme/glint/fonts/montserrat/montserrat-medium-webfont.woff2]
[preview.colorlib.com/theme/glint/fonts/montserrat/montserrat-medium-webfont.woff]
[preview.colorlib.com/theme/glint/fonts/montserrat/montserrat-regular-webfont.woff2]
[preview.colorlib.com/theme/glint/fonts/montserrat/montserrat-regular-webfont.woff]
[preview.colorlib.com/theme/glint/fonts/montserrat/montserrat-light-webfont.woff2]
[preview.colorlib.com/theme/glint/fonts/montserrat/montserrat-light-webfont.woff]
[preview.colorlib.com/theme/glint/fonts/montserrat/montserrat-extralight-webfont.woff2]
[preview.colorlib.com/theme/glint/fonts/montserrat/montserrat-extralight-webfont.woff]
[preview.colorlib.com/theme/glint/fonts/montserrat/montserrat-thin-webfont.woff2]
[preview.colorlib.com/theme/glint/fonts/montserrat/montserrat-thin-webfont.woff]
[preview.colorlib.com/theme/glint/css/fonts.css]
[preview.colorlib.com/theme/glint/css/images/photoswipe/default-skin.html]
[preview.colorlib.com/theme/glint/css/font-awesome/fonts/fontawesome-webfont3e6e.svg]
[preview.colorlib.com/theme/glint/css/micons/fonts/icomoon4286.svg]
